Synthetic UI application starting before normal Starshot launch
WinRT init begin
WinRT init done; Application.Start begin
Application.Start callback
WinRT init begin
WinRT init done; Application.Start begin
Application.Start callback
WinRT init begin
WinRT init done; Application.Start begin
Application.Start callback
Test application constructor
WinRT init begin
WinRT init done; Application.Start begin
Application.Start callback
Test application constructor
WinRT init begin
WinRT init done; Application.Start begin
Application.Start callback
Test application constructor
WinRT init begin
WinRT init done; Application.Start begin
Application.Start callback
Test application constructor
WinRT init begin
WinRT init done; Application.Start begin
Application.Start callback
Test launch callback
